*** Using Compiler 'V6.22', folder: 'D:\Users\mym02\AppData\Local\Keil_v5\ARM\ARMCLANG\Bin'
Rebuild target 'MM32SPIN0230'
compiling drv_div.c...
compiling drv_led.c...
compiling drv_opamp.c...
compiling drv_iwdg.c...
compiling drv_adc.c...
compiling drv_comp.c...
compiling main.c...
compiling led.c...
compiling board.c...
compiling flash_data_save.c...
compiling systick.c...
compiling mm32_it.c...
compiling drv_pwm.c...
compiling Bat_com.c...
compiling user_control.c...
compiling hal_comp.c...
compiling hal_dbg.c...
compiling hal_adc.c...
compiling hal_exti.c...
compiling hal_dma.c...
compiling hal_gpio.c...
compiling hal_flash.c...
compiling hal_hwdiv.c...
compiling hal_iwdg.c...
compiling hal_misc.c...
compiling hal_opamp.c...
compiling hal_pwr.c...
compiling hal_syscfg.c...
compiling hal_rcc.c...
compiling hal_uid.c...
assembling startup_mm32spin0230_keil.s...
compiling hal_usart.c...
compiling system_mm32spin0230.c...
compiling hal_tim.c...
compiling motor_control.c...
linking...
Program Size: Code=21008 RO-data=224 RW-data=88 ZI-data=1664  
FromELF: creating hex file...
".\Objects\SPIN0230_DEMO.axf" - 0 Error(s), 0 Warning(s).
Build Time Elapsed:  00:00:02
